[INFO ] 2025-02-12 02:43:48.815 [main] CareerCategoryPage - Clicking Career button: Agriculture, Horticulture, & the Outdoors
[INFO ] 2025-02-12 02:46:21.050 [main] CareerCategoryPage - Clicking Career button: Agriculture, Horticulture, & the Outdoors
[INFO ] 2025-02-12 14:25:32.373 [main] CareerCategoryPage - Clicking Career button: Agriculture, Horticulture, & the Outdoors
[INFO ] 2025-02-12 14:26:38.548 [main] CareerCategoryPage - Clicking Career button: Agriculture, Horticulture, & the Outdoors
[INFO ] 2025-02-12 14:26:40.187 [main] CareerCategoryPage - Clicking Agriculture button: Agriculture, Horticulture, & the Outdoors
[INFO ] 2025-02-12 14:26:41.908 [main] CareerCategoryPage - Clicking Agriculture button: Business Management and Operations
[INFO ] 2025-02-12 14:26:43.588 [main] CareerCategoryPage - Clicking Agriculture button: Clerical and Administrative
[INFO ] 2025-02-12 14:26:45.274 [main] CareerCategoryPage - Clicking Agriculture button: Community and Social Services
[INFO ] 2025-02-12 14:26:46.978 [main] CareerCategoryPage - Clicking Agriculture button: Construction, Extraction, and Architecture
[INFO ] 2025-02-12 14:26:48.691 [main] CareerCategoryPage - Clicking Agriculture button: Customer and Client Support
[INFO ] 2025-02-12 14:26:50.392 [main] CareerCategoryPage - Clicking Agriculture button: Design, Media, and Writing
[INFO ] 2025-02-12 14:26:52.076 [main] CareerCategoryPage - Clicking Agriculture button: Education and Training
[INFO ] 2025-02-12 14:26:53.744 [main] CareerCategoryPage - Clicking Agriculture button: Engineering
[INFO ] 2025-02-12 14:26:55.418 [main] CareerCategoryPage - Clicking Agriculture button: Finance
[INFO ] 2025-02-12 14:26:57.106 [main] CareerCategoryPage - Clicking Agriculture button: Healthcare
[INFO ] 2025-02-12 14:26:58.813 [main] CareerCategoryPage - Clicking Agriculture button: Hospitality, Food, and Tourism
[INFO ] 2025-02-12 14:27:00.496 [main] CareerCategoryPage - Clicking Agriculture button: Human Resources
[INFO ] 2025-02-12 14:27:02.152 [main] CareerCategoryPage - Clicking Agriculture button: Information Technology and Computer Science
[INFO ] 2025-02-12 14:27:03.810 [main] CareerCategoryPage - Clicking Agriculture button: Law, Compliance, and Public Safety
[INFO ] 2025-02-12 14:27:05.483 [main] CareerCategoryPage - Clicking Agriculture button: Maintenance, Repair, and Installation
[INFO ] 2025-02-12 14:27:07.141 [main] CareerCategoryPage - Clicking Agriculture button: Manufacturing and Production
[INFO ] 2025-02-12 14:27:08.816 [main] CareerCategoryPage - Clicking Agriculture button: Marketing and Public Relations
[INFO ] 2025-02-12 14:27:10.629 [main] CareerCategoryPage - Clicking Agriculture button: Military
[INFO ] 2025-02-12 14:27:12.621 [main] CareerCategoryPage - Clicking Agriculture button: Not Employed
[INFO ] 2025-02-12 14:27:14.462 [main] CareerCategoryPage - Clicking Agriculture button: Performing Arts
[INFO ] 2025-02-12 14:27:16.325 [main] CareerCategoryPage - Clicking Agriculture button: Personal Services
[INFO ] 2025-02-12 14:27:18.049 [main] CareerCategoryPage - Clicking Agriculture button: Sales
[INFO ] 2025-02-12 14:27:19.774 [main] CareerCategoryPage - Clicking Agriculture button: Science and Research
[INFO ] 2025-02-12 14:27:21.477 [main] CareerCategoryPage - Clicking Agriculture button: Social Analysis and Planning
[INFO ] 2025-02-12 14:27:23.155 [main] CareerCategoryPage - Clicking Agriculture button: Students
[INFO ] 2025-02-12 14:27:24.846 [main] CareerCategoryPage - Clicking Agriculture button: Transportation
[INFO ] 2025-02-12 14:27:26.612 [main] CareerCategoryPage - Clicking Agriculture button: Unclassified Career Area
[INFO ] 2025-02-12 14:27:28.398 [main] CareerCategoryPage - Clicking Agriculture button: Unclassified Occupation Group
[INFO ] 2025-02-12 14:27:30.065 [main] CareerCategoryPage - Clicking Agriculture button: Unclassified Occupation
[INFO ] 2025-02-12 14:27:31.762 [main] CareerCategoryPage - Clicking Agriculture button: Unclassified Specialized Occupation
[INFO ] 2025-02-12 14:27:33.853 [main] CareerCategoryPage - Clicking Agriculture button: Industry
[INFO ] 2025-02-12 14:28:28.611 [main] CareerCategoryPage - Clicking Career button: Agriculture, Horticulture, & the Outdoors
[INFO ] 2025-02-12 14:28:30.029 [main] CareerCategoryPage - Clicking Agriculture button: Agriculture, Horticulture, & the Outdoors
[INFO ] 2025-02-12 14:28:31.723 [main] CareerCategoryPage - Clicking Agriculture button: Business Management and Operations
[INFO ] 2025-02-12 14:28:33.456 [main] CareerCategoryPage - Clicking Agriculture button: Clerical and Administrative
[INFO ] 2025-02-12 14:28:35.117 [main] CareerCategoryPage - Clicking Agriculture button: Community and Social Services
[INFO ] 2025-02-12 14:28:36.857 [main] CareerCategoryPage - Clicking Agriculture button: Construction, Extraction, and Architecture
[INFO ] 2025-02-12 14:28:38.586 [main] CareerCategoryPage - Clicking Agriculture button: Customer and Client Support
[INFO ] 2025-02-12 14:28:40.267 [main] CareerCategoryPage - Clicking Agriculture button: Design, Media, and Writing
[INFO ] 2025-02-12 14:28:41.956 [main] CareerCategoryPage - Clicking Agriculture button: Education and Training
[INFO ] 2025-02-12 14:28:43.633 [main] CareerCategoryPage - Clicking Agriculture button: Engineering
[INFO ] 2025-02-12 14:28:45.302 [main] CareerCategoryPage - Clicking Agriculture button: Finance
[INFO ] 2025-02-12 14:28:47.034 [main] CareerCategoryPage - Clicking Agriculture button: Healthcare
[INFO ] 2025-02-12 14:28:48.734 [main] CareerCategoryPage - Clicking Agriculture button: Hospitality, Food, and Tourism
[INFO ] 2025-02-12 14:28:50.421 [main] CareerCategoryPage - Clicking Agriculture button: Human Resources
[INFO ] 2025-02-12 14:31:19.798 [main] CareerCategoryPage - Clicking Career button: Agriculture, Horticulture, & the Outdoors
[INFO ] 2025-02-12 14:31:21.223 [main] CareerCategoryPage - Clicking Agriculture button: Agriculture, Horticulture, & the Outdoors
[INFO ] 2025-02-12 14:31:23.972 [main] CareerCategoryPage - Clicking Agriculture button: Business Management and Operations
[INFO ] 2025-02-12 14:31:26.682 [main] CareerCategoryPage - Clicking Agriculture button: Clerical and Administrative
[INFO ] 2025-02-12 14:31:29.452 [main] CareerCategoryPage - Clicking Agriculture button: Community and Social Services
[INFO ] 2025-02-12 14:31:32.170 [main] CareerCategoryPage - Clicking Agriculture button: Construction, Extraction, and Architecture
[INFO ] 2025-02-12 14:31:34.872 [main] CareerCategoryPage - Clicking Agriculture button: Customer and Client Support
[INFO ] 2025-02-12 14:31:37.553 [main] CareerCategoryPage - Clicking Agriculture button: Design, Media, and Writing
[INFO ] 2025-02-12 14:31:40.251 [main] CareerCategoryPage - Clicking Agriculture button: Education and Training
[INFO ] 2025-02-12 14:31:43.026 [main] CareerCategoryPage - Clicking Agriculture button: Engineering
[INFO ] 2025-02-12 14:31:45.766 [main] CareerCategoryPage - Clicking Agriculture button: Finance
[INFO ] 2025-02-12 14:31:48.453 [main] CareerCategoryPage - Clicking Agriculture button: Healthcare
[INFO ] 2025-02-12 14:31:51.130 [main] CareerCategoryPage - Clicking Agriculture button: Hospitality, Food, and Tourism
[INFO ] 2025-02-12 14:31:53.840 [main] CareerCategoryPage - Clicking Agriculture button: Human Resources
[INFO ] 2025-02-12 15:07:43.212 [main] CareerCategoryPage - Clicking Career Button: Agriculture, Horticulture, & the Outdoors
[INFO ] 2025-02-12 15:07:44.170 [main] CareerCategoryPage - Clicking Occupation Group Button: Agriculture Managers
[INFO ] 2025-02-12 15:07:44.965 [main] CareerCategoryPage - Clicking Occupation Button: Farm / Ranch Manager
[INFO ] 2025-02-12 15:07:45.705 [main] CareerCategoryPage - Clicking Specialized Occupation: Farm / Ranch Manager
[INFO ] 2025-02-12 15:08:06.862 [main] CareerCategoryPage - Clicking Occupation Button: Fish Hatchery Manager
[INFO ] 2025-02-12 15:12:13.149 [main] CareerCategoryPage - Clicking Career Button: Agriculture, Horticulture, & the Outdoors
[INFO ] 2025-02-12 15:12:14.175 [main] CareerCategoryPage - Clicking Occupation Group Button: Agriculture Managers
[INFO ] 2025-02-12 15:12:14.940 [main] CareerCategoryPage - Clicking Occupation Button: Farm / Ranch Manager
[INFO ] 2025-02-12 15:12:15.635 [main] CareerCategoryPage - Clicking Specialized Occupation: Farm / Ranch Manager
[INFO ] 2025-02-12 15:12:36.841 [main] CareerCategoryPage - Clicking Occupation Button: Fish Hatchery Manager
[INFO ] 2025-02-12 15:15:33.581 [main] CareerCategoryPage - Clicking Career Button: Agriculture, Horticulture, & the Outdoors
[INFO ] 2025-02-12 15:15:34.609 [main] CareerCategoryPage - Clicking Occupation Group Button: Agriculture Managers
[INFO ] 2025-02-12 15:15:35.391 [main] CareerCategoryPage - Clicking Occupation Button: Farm / Ranch Manager
[INFO ] 2025-02-12 15:15:36.114 [main] CareerCategoryPage - Clicking Specialized Occupation: Farm / Ranch Manager
[INFO ] 2025-02-12 15:15:57.250 [main] CareerCategoryPage - Clicking Occupation Button: Fish Hatchery Manager
[INFO ] 2025-02-12 15:17:04.715 [main] CareerCategoryPage - Clicking Career Button: Agriculture, Horticulture, & the Outdoors
[INFO ] 2025-02-12 15:17:05.497 [main] CareerCategoryPage - Clicking Occupation Group Button: Agriculture Managers
[INFO ] 2025-02-12 15:17:06.316 [main] CareerCategoryPage - Clicking Occupation Button: Farm / Ranch Manager
[INFO ] 2025-02-12 15:17:07.029 [main] CareerCategoryPage - Clicking Specialized Occupation: Farm / Ranch Manager
[INFO ] 2025-02-12 15:17:28.149 [main] CareerCategoryPage - Clicking Occupation Button: Fish Hatchery Manager
[INFO ] 2025-02-12 15:20:45.541 [main] CareerCategoryPage - Clicking Career Button: Agriculture, Horticulture, & the Outdoors
[INFO ] 2025-02-12 15:20:46.691 [main] CareerCategoryPage - Clicking Occupation Group Button: Agriculture Managers
[INFO ] 2025-02-12 15:20:47.988 [main] CareerCategoryPage - Clicking Occupation Button: Farm / Ranch Manager
[INFO ] 2025-02-12 15:20:48.833 [main] CareerCategoryPage - Clicking Specialized Occupation: Farm / Ranch Manager
[INFO ] 2025-02-12 15:21:10.017 [main] CareerCategoryPage - Clicking Occupation Button: Fish Hatchery Manager
[INFO ] 2025-02-12 15:27:19.714 [main] CareerCategoryPage - Clicking Career Button: Agriculture, Horticulture, & the Outdoors
[INFO ] 2025-02-12 15:27:20.628 [main] CareerCategoryPage - Clicking Occupation Group Button: Agriculture Managers
[INFO ] 2025-02-12 15:27:21.357 [main] CareerCategoryPage - Clicking Occupation Button: Farm / Ranch Manager
[INFO ] 2025-02-12 15:27:22.153 [main] CareerCategoryPage - Clicking Specialized Occupation: Farm / Ranch Manager
[INFO ] 2025-02-12 15:31:00.531 [main] CareerCategoryPage - Clicking Career Button: Agriculture, Horticulture, & the Outdoors
[INFO ] 2025-02-12 15:31:02.193 [main] CareerCategoryPage - Clicking Occupation Group Button: Agriculture Managers
[INFO ] 2025-02-12 15:31:03.288 [main] CareerCategoryPage - Clicking Occupation Button: Farm / Ranch Manager
[INFO ] 2025-02-12 15:31:04.402 [main] CareerCategoryPage - Clicking Specialized Occupation: Farm / Ranch Manager
[INFO ] 2025-02-12 15:32:20.993 [main] CareerCategoryPage - Clicking Career Button: Agriculture, Horticulture, & the Outdoors
[INFO ] 2025-02-12 15:32:26.035 [main] CareerCategoryPage - Clicking Occupation Group Button: Agriculture Managers
[INFO ] 2025-02-12 15:32:27.053 [main] CareerCategoryPage - Clicking Occupation Button: Farm / Ranch Manager
[INFO ] 2025-02-12 15:32:28.039 [main] CareerCategoryPage - Clicking Specialized Occupation: Farm / Ranch Manager
[INFO ] 2025-02-12 15:32:49.323 [main] CareerCategoryPage - Clicking Occupation Button: Fish Hatchery Manager
[INFO ] 2025-02-12 15:39:21.534 [main] CareerCategoryPage - Clicking Career Button: Agriculture, Horticulture, & the Outdoors
[INFO ] 2025-02-12 15:39:22.364 [main] CareerCategoryPage - Clicking Occupation Group Button: Agriculture Managers
[INFO ] 2025-02-12 15:39:23.594 [main] CareerCategoryPage - Clicking Occupation Button: Farm / Ranch Manager
[INFO ] 2025-02-12 15:39:24.330 [main] CareerCategoryPage - Clicking Specialized Occupation: Farm / Ranch Manager
[INFO ] 2025-02-12 15:39:45.493 [main] CareerCategoryPage - Clicking Occupation Button: Fish Hatchery Manager
[INFO ] 2025-02-12 15:39:46.214 [main] CareerCategoryPage - Clicking Specialized Occupation: Fish Hatchery Manager
[INFO ] 2025-02-12 15:40:07.799 [main] CareerCategoryPage - Clicking Occupation Button: Nursery / Greenhouse Manager
[INFO ] 2025-02-12 15:40:08.549 [main] CareerCategoryPage - Clicking Specialized Occupation: Nursery / Greenhouse Manager
[INFO ] 2025-02-12 15:40:29.787 [main] CareerCategoryPage - Clicking Occupation Group Button: Agriculture Workers
[INFO ] 2025-02-12 15:40:30.508 [main] CareerCategoryPage - Clicking Occupation Button: Farm / Nursery / Greenhouse Worker
[INFO ] 2025-02-12 15:40:31.228 [main] CareerCategoryPage - Clicking Specialized Occupation: Farm / Nursery / Greenhouse Worker
[INFO ] 2025-02-12 15:43:21.845 [main] CareerCategoryPage - Clicking Career Button: Agriculture, Horticulture, & the Outdoors
[INFO ] 2025-02-12 15:43:23.044 [main] CareerCategoryPage - Clicking Occupation Group Button: Agriculture Managers
[INFO ] 2025-02-12 15:43:23.778 [main] CareerCategoryPage - Clicking Occupation Button: Farm / Ranch Manager
[INFO ] 2025-02-12 15:43:24.485 [main] CareerCategoryPage - Clicking Specialized Occupation: Farm / Ranch Manager
[INFO ] 2025-02-12 15:46:06.823 [main] CareerCategoryPage - Clicking Career Button: Agriculture, Horticulture, & the Outdoors
[INFO ] 2025-02-12 15:46:25.399 [main] CareerCategoryPage - Clicking Career Button: Agriculture, Horticulture, & the Outdoors
[INFO ] 2025-02-12 15:46:26.599 [main] CareerCategoryPage - Clicking Occupation Group Button: Agriculture Managers
[INFO ] 2025-02-12 15:46:27.439 [main] CareerCategoryPage - Clicking Occupation Button: Farm / Ranch Manager
[INFO ] 2025-02-12 15:46:28.236 [main] CareerCategoryPage - Clicking Specialized Occupation: Farm / Ranch Manager
[INFO ] 2025-02-12 15:47:32.509 [main] CareerCategoryPage - Clicking Career Button: Agriculture, Horticulture, & the Outdoors
[INFO ] 2025-02-12 15:47:33.456 [main] CareerCategoryPage - Clicking Occupation Group Button: Agriculture Managers
[INFO ] 2025-02-12 15:47:34.777 [main] CareerCategoryPage - Clicking Occupation Button: Farm / Ranch Manager
[INFO ] 2025-02-12 15:47:35.467 [main] CareerCategoryPage - Clicking Specialized Occupation: Farm / Ranch Manager
[INFO ] 2025-02-12 15:48:26.297 [main] CareerCategoryPage - Clicking Occupation Button: Fish Hatchery Manager
[INFO ] 2025-02-12 15:48:27.033 [main] CareerCategoryPage - Clicking Specialized Occupation: Fish Hatchery Manager
[INFO ] 2025-02-12 15:49:15.904 [main] CareerCategoryPage - Clicking Career Button: Agriculture, Horticulture, & the Outdoors
[INFO ] 2025-02-12 15:49:17.673 [main] CareerCategoryPage - Clicking Occupation Group Button: Agriculture Managers
[INFO ] 2025-02-12 15:49:19.344 [main] CareerCategoryPage - Clicking Occupation Button: Farm / Ranch Manager
[INFO ] 2025-02-12 15:49:20.550 [main] CareerCategoryPage - Clicking Specialized Occupation: Farm / Ranch Manager
[INFO ] 2025-02-12 15:49:51.582 [main] CareerCategoryPage - Clicking Occupation Button: Fish Hatchery Manager
[INFO ] 2025-02-12 15:49:52.296 [main] CareerCategoryPage - Clicking Specialized Occupation: Fish Hatchery Manager
[INFO ] 2025-02-12 15:53:41.315 [main] CareerCategoryPage - Clicking Career Button: Agriculture, Horticulture, & the Outdoors
[INFO ] 2025-02-12 15:53:42.999 [main] CareerCategoryPage - Clicking Occupation Group Button: Agriculture Managers
[INFO ] 2025-02-12 15:53:43.966 [main] CareerCategoryPage - Clicking Occupation Button: Farm / Ranch Manager
[INFO ] 2025-02-12 15:53:44.989 [main] CareerCategoryPage - Clicking Specialized Occupation: Farm / Ranch Manager
[INFO ] 2025-02-12 16:03:16.515 [main] CareerCategoryPage - Clicking Career Button: Agriculture, Horticulture, & the Outdoors
[INFO ] 2025-02-12 16:03:17.246 [main] CareerCategoryPage - Clicking Occupation Group Button: Agriculture Managers
[INFO ] 2025-02-12 16:03:17.951 [main] CareerCategoryPage - Clicking Occupation Button: Farm / Ranch Manager
[INFO ] 2025-02-12 16:03:18.654 [main] CareerCategoryPage - Clicking Specialized Occupation: Farm / Ranch Manager
[INFO ] 2025-02-12 16:03:28.423 [main] CareerCategoryPage - Clicking Occupation Button: Fish Hatchery Manager
[INFO ] 2025-02-12 16:03:29.156 [main] CareerCategoryPage - Clicking Specialized Occupation: Fish Hatchery Manager
[INFO ] 2025-02-12 16:03:38.926 [main] CareerCategoryPage - Clicking Occupation Button: Nursery / Greenhouse Manager
[INFO ] 2025-02-12 16:03:39.595 [main] CareerCategoryPage - Clicking Specialized Occupation: Nursery / Greenhouse Manager
[INFO ] 2025-02-12 16:18:05.180 [main] CareerCategoryPage - Clicking Career Button: Agriculture, Horticulture, & the Outdoors
[INFO ] 2025-02-12 16:18:05.946 [main] CareerCategoryPage - Clicking Occupation Group Button: Agriculture Managers
[INFO ] 2025-02-12 16:18:06.773 [main] CareerCategoryPage - Clicking Occupation Button: Farm / Ranch Manager
[INFO ] 2025-02-12 16:18:07.486 [main] CareerCategoryPage - Clicking Specialized Occupation: Farm / Ranch Manager
[INFO ] 2025-02-12 16:18:14.548 [main] CareerCategoryPage - Clicking Occupation Button: Fish Hatchery Manager
[INFO ] 2025-02-12 16:18:15.213 [main] CareerCategoryPage - Clicking Specialized Occupation: Fish Hatchery Manager
[INFO ] 2025-02-12 16:18:22.225 [main] CareerCategoryPage - Clicking Occupation Button: Nursery / Greenhouse Manager
[INFO ] 2025-02-12 16:18:22.892 [main] CareerCategoryPage - Clicking Specialized Occupation: Nursery / Greenhouse Manager
[INFO ] 2025-02-12 16:18:29.755 [main] CareerCategoryPage - Clicking Occupation Group Button: Agriculture Workers
[INFO ] 2025-02-12 16:18:30.412 [main] CareerCategoryPage - Clicking Occupation Button: Farm / Nursery / Greenhouse Worker
[INFO ] 2025-02-12 16:18:31.062 [main] CareerCategoryPage - Clicking Specialized Occupation: Farm / Nursery / Greenhouse Worker
[INFO ] 2025-02-12 16:52:00.104 [main] CareerCategoryPage - Clicking Career Button: Agriculture, Horticulture, & the Outdoors
[INFO ] 2025-02-12 16:52:01.159 [main] CareerCategoryPage - Clicking Occupation Group Button: Agriculture Managers
[INFO ] 2025-02-12 16:52:02.033 [main] CareerCategoryPage - Clicking Occupation Button: Farm / Ranch Manager
[INFO ] 2025-02-12 16:52:02.757 [main] CareerCategoryPage - Clicking Specialized Occupation: Farm / Ranch Manager
[INFO ] 2025-02-12 16:52:09.758 [main] CareerCategoryPage - Clicking Occupation Button: Fish Hatchery Manager
[INFO ] 2025-02-12 16:52:10.498 [main] CareerCategoryPage - Clicking Specialized Occupation: Fish Hatchery Manager
[INFO ] 2025-02-12 16:52:17.305 [main] CareerCategoryPage - Clicking Occupation Button: Nursery / Greenhouse Manager
[INFO ] 2025-02-12 16:52:18.004 [main] CareerCategoryPage - Clicking Specialized Occupation: Nursery / Greenhouse Manager
[INFO ] 2025-02-12 16:52:24.865 [main] CareerCategoryPage - Clicking Occupation Group Button: Agriculture Workers
[INFO ] 2025-02-12 16:52:25.544 [main] CareerCategoryPage - Clicking Occupation Button: Farm / Nursery / Greenhouse Worker
[INFO ] 2025-02-12 16:52:26.274 [main] CareerCategoryPage - Clicking Specialized Occupation: Farm / Nursery / Greenhouse Worker
[INFO ] 2025-02-12 16:52:33.313 [main] CareerCategoryPage - Clicking Occupation Button: Food / Agricultural Inspector
[INFO ] 2025-02-12 16:52:34.016 [main] CareerCategoryPage - Clicking Specialized Occupation: Food / Agricultural Inspector
[INFO ] 2025-02-12 16:52:40.830 [main] CareerCategoryPage - Clicking Occupation Button: Fish Hatchery Technician
[INFO ] 2025-02-12 16:52:41.519 [main] CareerCategoryPage - Clicking Specialized Occupation: Fish Hatchery Technician
[INFO ] 2025-02-12 16:53:08.338 [main] CareerCategoryPage - Clicking Occupation Group Button: Fishing and Hunting Workers
[INFO ] 2025-02-12 16:53:09.014 [main] CareerCategoryPage - Clicking Occupation Button: Fishers / Fishing Workers
[INFO ] 2025-02-12 16:53:10.405 [main] CareerCategoryPage - Clicking Specialized Occupation: Fishers / Fishing Workers
[INFO ] 2025-02-12 16:53:18.705 [main] CareerCategoryPage - Clicking Occupation Button: Hunter / Trapper
[INFO ] 2025-02-12 16:53:19.452 [main] CareerCategoryPage - Clicking Specialized Occupation: Hunter / Trapper
[INFO ] 2025-02-12 16:53:26.431 [main] CareerCategoryPage - Clicking Occupation Group Button: Landscaping and Gardening
[INFO ] 2025-02-12 16:53:27.177 [main] CareerCategoryPage - Clicking Occupation Button: Arborist
[INFO ] 2025-02-12 16:53:27.856 [main] CareerCategoryPage - Clicking Specialized Occupation: Arborist
[INFO ] 2025-02-12 16:53:34.756 [main] CareerCategoryPage - Clicking Occupation Button: Landscaping / Grounds Supervisor
[INFO ] 2025-02-12 16:53:35.447 [main] CareerCategoryPage - Clicking Specialized Occupation: Landscaping / Grounds Supervisor
[INFO ] 2025-02-12 16:53:42.278 [main] CareerCategoryPage - Clicking Occupation Button: Landscaping / Groundskeeping Worker
[INFO ] 2025-02-12 16:53:43.008 [main] CareerCategoryPage - Clicking Specialized Occupation: Landscaping / Groundskeeping Worker
[INFO ] 2025-02-12 16:53:50.358 [main] CareerCategoryPage - Clicking Occupation Button: Lawn Care / Pesticide Technician
[INFO ] 2025-02-12 16:53:51.148 [main] CareerCategoryPage - Clicking Specialized Occupation: Lawn Care / Pesticide Technician
[INFO ] 2025-02-12 16:53:58.038 [main] CareerCategoryPage - Clicking Occupation Button: Pest Control Technician
[INFO ] 2025-02-12 16:53:58.723 [main] CareerCategoryPage - Clicking Specialized Occupation: Pest Control Technician
[INFO ] 2025-02-12 16:54:06.596 [main] CareerCategoryPage - Clicking Occupation Button: Tree Climber / Trimmer
[INFO ] 2025-02-12 16:56:29.114 [main] CareerCategoryPage - Clicking Career Button: Agriculture, Horticulture, & the Outdoors
[INFO ] 2025-02-12 16:56:30.002 [main] CareerCategoryPage - Clicking Occupation Group Button: Agriculture Managers
[INFO ] 2025-02-12 16:56:31.272 [main] CareerCategoryPage - Clicking Occupation Button: Farm / Ranch Manager
[INFO ] 2025-02-12 16:56:31.957 [main] CareerCategoryPage - Clicking Specialized Occupation: Farm / Ranch Manager
[INFO ] 2025-02-12 16:56:38.865 [main] CareerCategoryPage - Clicking Occupation Button: Fish Hatchery Manager
[INFO ] 2025-02-12 16:56:39.537 [main] CareerCategoryPage - Clicking Specialized Occupation: Fish Hatchery Manager
[INFO ] 2025-02-12 16:56:46.420 [main] CareerCategoryPage - Clicking Occupation Button: Nursery / Greenhouse Manager
[INFO ] 2025-02-12 16:56:47.113 [main] CareerCategoryPage - Clicking Specialized Occupation: Nursery / Greenhouse Manager
